../Core/Src/main.c:87:6:HAL_GPIO_EXTI_Callback	16	static
../Core/Src/main.c:144:5:main	1552	static
../Core/Src/main.c:688:13:MX_GPIO_Init	32	static
../Core/Src/main.c:703:13:GYRO_GPIO_INT_Init	32	static
../Core/Src/main.c:719:13:Gyro_Tilt	16	static
../Core/Src/main.c:751:13:Gyro_Tilt_Disable	16	static
../Core/Src/main.c:765:13:Gyro_Tap	16	static
../Core/Src/main.c:800:13:Gyro_Tap_Disable	16	static
../Core/Src/main.c:827:13:Buzzer_Init	32	static
../Core/Src/main.c:844:13:Buzz_Start	8	static
../Core/Src/main.c:851:13:Buzz_Stop	8	static
../Core/Src/main.c:858:13:UART1_Init	40	static
../Core/Src/main.c:888:13:MX_I2C1_MspInit	40	static
../Core/Src/main.c:925:13:MX_I2C1_Init	8	static
../Core/Src/main.c:941:6:SystemClock_Config	96	static
../Core/Src/main.c:981:6:Error_Handler	4	static
../Core/Src/main.c:988:6:SPI3_IRQHandler	8	static
