../Core/Src/main.c:87:6:HAL_GPIO_EXTI_Callback	13
../Core/Src/main.c:144:5:main	57
../Core/Src/main.c:688:13:MX_GPIO_Init	1
../Core/Src/main.c:703:13:GYRO_GPIO_INT_Init	1
../Core/Src/main.c:719:13:Gyro_Tilt	1
../Core/Src/main.c:751:13:Gyro_Tilt_Disable	1
../Core/Src/main.c:765:13:Gyro_Tap	1
../Core/Src/main.c:800:13:Gyro_Tap_Disable	1
../Core/Src/main.c:827:13:Buzzer_Init	1
../Core/Src/main.c:844:13:Buzz_Start	1
../Core/Src/main.c:851:13:Buzz_Stop	1
../Core/Src/main.c:858:13:UART1_Init	2
../Core/Src/main.c:888:13:MX_I2C1_MspInit	1
../Core/Src/main.c:925:13:MX_I2C1_Init	1
../Core/Src/main.c:941:6:SystemClock_Config	3
../Core/Src/main.c:981:6:Error_Handler	1
../Core/Src/main.c:988:6:SPI3_IRQHandler	1
