../Core/Src/ssd1306_tests.c:2602:6:draw_catch_count	24	static
../Core/Src/ssd1306_tests.c:2638:6:draw_doll_face	16	static
../Core/Src/ssd1306_tests.c:2660:6:draw_doll_back	16	static
../Core/Src/ssd1306_tests.c:2666:6:ssd1306_TestBorder	16	static
../Core/Src/ssd1306_tests.c:2692:6:ssd1306_TestFonts1	24	static
../Core/Src/ssd1306_tests.c:2725:6:ssd1306_TestFonts2	32	static
../Core/Src/ssd1306_tests.c:2750:6:ssd1306_TestFonts3	16	static
../Core/Src/ssd1306_tests.c:2770:6:ssd1306_TestFPS	120	static
../Core/Src/ssd1306_tests.c:2808:6:ssd1306_TestLine	16	static
../Core/Src/ssd1306_tests.c:2816:6:ssd1306_TestRectangle	32	static
../Core/Src/ssd1306_tests.c:2826:6:ssd1306_TestRectangleFill	16	static
../Core/Src/ssd1306_tests.c:2834:6:ssd1306_TestRectangleInvert	16	static
../Core/Src/ssd1306_tests.c:2858:6:ssd1306_TestCircle	16	static
../Core/Src/ssd1306_tests.c:2873:6:ssd1306_TestArc	16	static
../Core/Src/ssd1306_tests.c:2880:6:ssd1306_TestPolyline	32	static
../Core/Src/ssd1306_tests.c:2897:6:ssd1306_TestDrawBitmap1	16	static
../Core/Src/ssd1306_tests.c:2995:6:ssd1306_TestDrawBitmap2	16	static
../Core/Src/ssd1306_tests.c:3017:6:ssd1306_TestAll	8	static
